main.cpp:17:6:void InitializeTimer(int)	32	static
main.cpp:39:6:void PWM(int)	40	static
main.cpp:53:6:void InitializeLEDs()	16	static
main.cpp:68:6:void ConfigInt()	32	static
main.cpp:116:17:void EXTI0_IRQHandler()	8	static
main.cpp:131:6:void ReadAnalog()	4	static
main.cpp:138:5:int ADC_Update()	8	static
main.cpp:150:6:void ADC_Init()	40	static
main.cpp:181:5:int main()	16	static
main.cpp:221:17:void EVAL_AUDIO_TransferComplete_CallBack(uint32_t, uint32_t)	16	static
main.cpp:230:21:uint16_t EVAL_AUDIO_GetSampleCallBack()	4	static
